b_[0] = 1
b_[1] = 1
b_[2] = 0
b_[3] = 1
b_[4] = 1
b_[5] = 0
b_[6] = 0
b_[7] = 1
b_[8] = 0
b_[9] = 1
b_[10] = 0
b_[11] = 0
b_[12] = 1
b_[13] = 0
b_[14] = 0
b_[15] = 1
b_[16] = 1
b_[17] = 0
b_[18] = 0
b_[19] = 1
b_[20] = 0
